Archive member included to satisfy reference by file (symbol)

c:/7.0/toolchain/avr8/avr8-gnu-toolchain/bin/../lib/gcc/avr/5.4.0/../../../../avr/lib/avr5\libm.a(divsf3.o)
                              APP/APP.o (__divsf3)
c:/7.0/toolchain/avr8/avr8-gnu-toolchain/bin/../lib/gcc/avr/5.4.0/../../../../avr/lib/avr5\libm.a(divsf3x.o)
                              c:/7.0/toolchain/avr8/avr8-gnu-toolchain/bin/../lib/gcc/avr/5.4.0/../../../../avr/lib/avr5\libm.a(divsf3.o) (__divsf3x)
c:/7.0/toolchain/avr8/avr8-gnu-toolchain/bin/../lib/gcc/avr/5.4.0/../../../../avr/lib/avr5\libm.a(fixunssfsi.o)
                              APP/APP.o (__fixunssfsi)
c:/7.0/toolchain/avr8/avr8-gnu-toolchain/bin/../lib/gcc/avr/5.4.0/../../../../avr/lib/avr5\libm.a(floatsisf.o)
                              APP/APP.o (__floatunsisf)
c:/7.0/toolchain/avr8/avr8-gnu-toolchain/bin/../lib/gcc/avr/5.4.0/../../../../avr/lib/avr5\libm.a(fp_inf.o)
                              c:/7.0/toolchain/avr8/avr8-gnu-toolchain/bin/../lib/gcc/avr/5.4.0/../../../../avr/lib/avr5\libm.a(divsf3x.o) (__fp_inf)
c:/7.0/toolchain/avr8/avr8-gnu-toolchain/bin/../lib/gcc/avr/5.4.0/../../../../avr/lib/avr5\libm.a(fp_nan.o)
                              c:/7.0/toolchain/avr8/avr8-gnu-toolchain/bin/../lib/gcc/avr/5.4.0/../../../../avr/lib/avr5\libm.a(divsf3x.o) (__fp_nan)
c:/7.0/toolchain/avr8/avr8-gnu-toolchain/bin/../lib/gcc/avr/5.4.0/../../../../avr/lib/avr5\libm.a(fp_pscA.o)
                              c:/7.0/toolchain/avr8/avr8-gnu-toolchain/bin/../lib/gcc/avr/5.4.0/../../../../avr/lib/avr5\libm.a(divsf3x.o) (__fp_pscA)
c:/7.0/toolchain/avr8/avr8-gnu-toolchain/bin/../lib/gcc/avr/5.4.0/../../../../avr/lib/avr5\libm.a(fp_pscB.o)
                              c:/7.0/toolchain/avr8/avr8-gnu-toolchain/bin/../lib/gcc/avr/5.4.0/../../../../avr/lib/avr5\libm.a(divsf3x.o) (__fp_pscB)
c:/7.0/toolchain/avr8/avr8-gnu-toolchain/bin/../lib/gcc/avr/5.4.0/../../../../avr/lib/avr5\libm.a(fp_round.o)
                              c:/7.0/toolchain/avr8/avr8-gnu-toolchain/bin/../lib/gcc/avr/5.4.0/../../../../avr/lib/avr5\libm.a(divsf3.o) (__fp_round)
c:/7.0/toolchain/avr8/avr8-gnu-toolchain/bin/../lib/gcc/avr/5.4.0/../../../../avr/lib/avr5\libm.a(fp_split3.o)
                              c:/7.0/toolchain/avr8/avr8-gnu-toolchain/bin/../lib/gcc/avr/5.4.0/../../../../avr/lib/avr5\libm.a(divsf3x.o) (__fp_split3)
c:/7.0/toolchain/avr8/avr8-gnu-toolchain/bin/../lib/gcc/avr/5.4.0/../../../../avr/lib/avr5\libm.a(fp_zero.o)
                              c:/7.0/toolchain/avr8/avr8-gnu-toolchain/bin/../lib/gcc/avr/5.4.0/../../../../avr/lib/avr5\libm.a(fixunssfsi.o) (__fp_zero)
c:/7.0/toolchain/avr8/avr8-gnu-toolchain/bin/../lib/gcc/avr/5.4.0/../../../../avr/lib/avr5\libm.a(mulsf3.o)
                              APP/APP.o (__mulsf3)
c:/7.0/toolchain/avr8/avr8-gnu-toolchain/bin/../lib/gcc/avr/5.4.0/../../../../avr/lib/avr5\libm.a(mulsf3x.o)
                              c:/7.0/toolchain/avr8/avr8-gnu-toolchain/bin/../lib/gcc/avr/5.4.0/../../../../avr/lib/avr5\libm.a(mulsf3.o) (__mulsf3x)
c:/7.0/toolchain/avr8/avr8-gnu-toolchain/bin/../lib/gcc/avr/5.4.0/avr5\libgcc.a(_udivmodsi4.o)
                              APP/APP.o (__udivmodsi4)
c:/7.0/toolchain/avr8/avr8-gnu-toolchain/bin/../lib/gcc/avr/5.4.0/avr5\libgcc.a(_exit.o)
                              C:/7.0/Packs/atmel/ATmega_DFP/1.7.374/gcc/dev/atmega32/avr5/crtatmega32.o (exit)
c:/7.0/toolchain/avr8/avr8-gnu-toolchain/bin/../lib/gcc/avr/5.4.0/avr5\libgcc.a(_tablejump2.o)
                              MCAL/dio/DIO.o (__tablejump2__)
c:/7.0/toolchain/avr8/avr8-gnu-toolchain/bin/../lib/gcc/avr/5.4.0/avr5\libgcc.a(_copy_data.o)
                              APP/APP.o (__do_copy_data)
c:/7.0/toolchain/avr8/avr8-gnu-toolchain/bin/../lib/gcc/avr/5.4.0/avr5\libgcc.a(_clear_bss.o)
                              APP/APP.o (__do_clear_bss)

Discarded input sections

 .data          0x00000000        0x0 C:/7.0/Packs/atmel/ATmega_DFP/1.7.374/gcc/dev/atmega32/avr5/crtatmega32.o
 .bss           0x00000000        0x0 C:/7.0/Packs/atmel/ATmega_DFP/1.7.374/gcc/dev/atmega32/avr5/crtatmega32.o
 .text          0x00000000        0x0 APP/APP.o
 .data          0x00000000        0x0 APP/APP.o
 .bss           0x00000000        0x0 APP/APP.o
 .text          0x00000000        0x0 ECUAL/Button/Button.o
 .data          0x00000000        0x0 ECUAL/Button/Button.o
 .bss           0x00000000        0x0 ECUAL/Button/Button.o
 .text          0x00000000        0x0 ECUAL/LED/LED.o
 .data          0x00000000        0x0 ECUAL/LED/LED.o
 .bss           0x00000000        0x0 ECUAL/LED/LED.o
 .text          0x00000000        0x0 ECUAL/MOTORs/Motor.o
 .data          0x00000000        0x0 ECUAL/MOTORs/Motor.o
 .bss           0x00000000        0x0 ECUAL/MOTORs/Motor.o
 .text          0x00000000        0x0 main.o
 .data          0x00000000        0x0 main.o
 .bss           0x00000000        0x0 main.o
 .text          0x00000000        0x0 MCAL/dio/DIO.o
 .data          0x00000000        0x0 MCAL/dio/DIO.o
 .bss           0x00000000        0x0 MCAL/dio/DIO.o
 .text.DIO_WritePort
                0x00000000       0x20 MCAL/dio/DIO.o
 .text.DIO_TogglePin
                0x00000000       0x8a MCAL/dio/DIO.o
 .text          0x00000000        0x0 MCAL/dio/DIO_Lcfg.o
 .data          0x00000000        0x0 MCAL/dio/DIO_Lcfg.o
 .bss           0x00000000        0x0 MCAL/dio/DIO_Lcfg.o
 .text          0x00000000        0x0 MCAL/EXI/EX_Interrupt.o
 .data          0x00000000        0x0 MCAL/EXI/EX_Interrupt.o
 .bss           0x00000000        0x0 MCAL/EXI/EX_Interrupt.o
 .text.EXI_Disable
                0x00000000       0x20 MCAL/EXI/EX_Interrupt.o
 .text          0x00000000        0x0 MCAL/Timer/Timers.o
 .data          0x00000000        0x0 MCAL/Timer/Timers.o
 .bss           0x00000000        0x0 MCAL/Timer/Timers.o
 .text.TIMER0_OC0Mode
                0x00000000       0x36 MCAL/Timer/Timers.o
 .text.TIMER0_OV_InterruptDisable
                0x00000000        0x8 MCAL/Timer/Timers.o
 .text.TIMER0_OC_InterruptEnable
                0x00000000        0x8 MCAL/Timer/Timers.o
 .text.TIMER0_OC_InterruptDisable
                0x00000000        0x8 MCAL/Timer/Timers.o
 .text.TIMER0_OCR_SetCallBack
                0x00000000        0xa MCAL/Timer/Timers.o
 .text.Timer1_OCRA1Mode
                0x00000000       0x36 MCAL/Timer/Timers.o
 .text.Timer1_OCRB1Mode
                0x00000000       0x36 MCAL/Timer/Timers.o
 .text.Timer1_InputCaptureEdge
                0x00000000       0x16 MCAL/Timer/Timers.o
 .text.Timer1_ICU_InterruptEnable
                0x00000000        0x8 MCAL/Timer/Timers.o
 .text.Timer1_ICU_InterruptDisable
                0x00000000        0x8 MCAL/Timer/Timers.o
 .text.Timer1_OVF_InterruptEnable
                0x00000000        0x8 MCAL/Timer/Timers.o
 .text.Timer1_OVF_InterruptDisable
                0x00000000        0x8 MCAL/Timer/Timers.o
 .text.Timer1_OCA_InterruptDisable
                0x00000000        0x8 MCAL/Timer/Timers.o
 .text.Timer1_OCB_InterruptEnable
                0x00000000        0x8 MCAL/Timer/Timers.o
 .text.Timer1_OCB_InterruptDisable
                0x00000000        0x8 MCAL/Timer/Timers.o
 .text.Timer1_OVF_SetCallBack
                0x00000000        0xa MCAL/Timer/Timers.o
 .text.Timer1_OCB_SetCallBack
                0x00000000        0xa MCAL/Timer/Timers.o
 .text.Timer1_ICU_SetCallBack
                0x00000000        0xa MCAL/Timer/Timers.o
 .text          0x00000000        0x0 c:/7.0/toolchain/avr8/avr8-gnu-toolchain/bin/../lib/gcc/avr/5.4.0/../../../../avr/lib/avr5\libm.a(divsf3.o)
 .data          0x00000000        0x0 c:/7.0/toolchain/avr8/avr8-gnu-toolchain/bin/../lib/gcc/avr/5.4.0/../../../../avr/lib/avr5\libm.a(divsf3.o)
 .bss           0x00000000        0x0 c:/7.0/toolchain/avr8/avr8-gnu-toolchain/bin/../lib/gcc/avr/5.4.0/../../../../avr/lib/avr5\libm.a(divsf3.o)
 .text          0x00000000        0x0 c:/7.0/toolchain/avr8/avr8-gnu-toolchain/bin/../lib/gcc/avr/5.4.0/../../../../avr/lib/avr5\libm.a(divsf3x.o)
 .data          0x00000000        0x0 c:/7.0/toolchain/avr8/avr8-gnu-toolchain/bin/../lib/gcc/avr/5.4.0/../../../../avr/lib/avr5\libm.a(divsf3x.o)
 .bss           0x00000000        0x0 c:/7.0/toolchain/avr8/avr8-gnu-toolchain/bin/../lib/gcc/avr/5.4.0/../../../../avr/lib/avr5\libm.a(divsf3x.o)
 .text          0x00000000        0x0 c:/7.0/toolchain/avr8/avr8-gnu-toolchain/bin/../lib/gcc/avr/5.4.0/../../../../avr/lib/avr5\libm.a(fixunssfsi.o)
 .data          0x00000000        0x0 c:/7.0/toolchain/avr8/avr8-gnu-toolchain/bin/../lib/gcc/avr/5.4.0/../../../../avr/lib/avr5\libm.a(fixunssfsi.o)
 .bss           0x00000000        0x0 c:/7.0/toolchain/avr8/avr8-gnu-toolchain/bin/../lib/gcc/avr/5.4.0/../../../../avr/lib/avr5\libm.a(fixunssfsi.o)
 .text          0x00000000        0x0 c:/7.0/toolchain/avr8/avr8-gnu-toolchain/bin/../lib/gcc/avr/5.4.0/../../../../avr/lib/avr5\libm.a(floatsisf.o)
 .data          0x00000000        0x0 c:/7.0/toolchain/avr8/avr8-gnu-toolchain/bin/../lib/gcc/avr/5.4.0/../../../../avr/lib/avr5\libm.a(floatsisf.o)
 .bss           0x00000000        0x0 c:/7.0/toolchain/avr8/avr8-gnu-toolchain/bin/../lib/gcc/avr/5.4.0/../../../../avr/lib/avr5\libm.a(floatsisf.o)
 .text          0x00000000        0x0 c:/7.0/toolchain/avr8/avr8-gnu-toolchain/bin/../lib/gcc/avr/5.4.0/../../../../avr/lib/avr5\libm.a(fp_inf.o)
 .data          0x00000000        0x0 c:/7.0/toolchain/avr8/avr8-gnu-toolchain/bin/../lib/gcc/avr/5.4.0/../../../../avr/lib/avr5\libm.a(fp_inf.o)
 .bss           0x00000000        0x0 c:/7.0/toolchain/avr8/avr8-gnu-toolchain/bin/../lib/gcc/avr/5.4.0/../../../../avr/lib/avr5\libm.a(fp_inf.o)
 .text          0x00000000        0x0 c:/7.0/toolchain/avr8/avr8-gnu-toolchain/bin/../lib/gcc/avr/5.4.0/../../../../avr/lib/avr5\libm.a(fp_nan.o)
 .data          0x00000000        0x0 c:/7.0/toolchain/avr8/avr8-gnu-toolchain/bin/../lib/gcc/avr/5.4.0/../../../../avr/lib/avr5\libm.a(fp_nan.o)
 .bss           0x00000000        0x0 c:/7.0/toolchain/avr8/avr8-gnu-toolchain/bin/../lib/gcc/avr/5.4.0/../../../../avr/lib/avr5\libm.a(fp_nan.o)
 .text          0x00000000        0x0 c:/7.0/toolchain/avr8/avr8-gnu-toolchain/bin/../lib/gcc/avr/5.4.0/../../../../avr/lib/avr5\libm.a(fp_pscA.o)
 .data          0x00000000        0x0 c:/7.0/toolchain/avr8/avr8-gnu-toolchain/bin/../lib/gcc/avr/5.4.0/../../../../avr/lib/avr5\libm.a(fp_pscA.o)
 .bss           0x00000000        0x0 c:/7.0/toolchain/avr8/avr8-gnu-toolchain/bin/../lib/gcc/avr/5.4.0/../../../../avr/lib/avr5\libm.a(fp_pscA.o)
 .text          0x00000000        0x0 c:/7.0/toolchain/avr8/avr8-gnu-toolchain/bin/../lib/gcc/avr/5.4.0/../../../../avr/lib/avr5\libm.a(fp_pscB.o)
 .data          0x00000000        0x0 c:/7.0/toolchain/avr8/avr8-gnu-toolchain/bin/../lib/gcc/avr/5.4.0/../../../../avr/lib/avr5\libm.a(fp_pscB.o)
 .bss           0x00000000        0x0 c:/7.0/toolchain/avr8/avr8-gnu-toolchain/bin/../lib/gcc/avr/5.4.0/../../../../avr/lib/avr5\libm.a(fp_pscB.o)
 .text          0x00000000        0x0 c:/7.0/toolchain/avr8/avr8-gnu-toolchain/bin/../lib/gcc/avr/5.4.0/../../../../avr/lib/avr5\libm.a(fp_round.o)
 .data          0x00000000        0x0 c:/7.0/toolchain/avr8/avr8-gnu-toolchain/bin/../lib/gcc/avr/5.4.0/../../../../avr/lib/avr5\libm.a(fp_round.o)
 .bss           0x00000000        0x0 c:/7.0/toolchain/avr8/avr8-gnu-toolchain/bin/../lib/gcc/avr/5.4.0/../../../../avr/lib/avr5\libm.a(fp_round.o)
 .text          0x00000000        0x0 c:/7.0/toolchain/avr8/avr8-gnu-toolchain/bin/../lib/gcc/avr/5.4.0/../../../../avr/lib/avr5\libm.a(fp_split3.o)
 .data          0x00000000        0x0 c:/7.0/toolchain/avr8/avr8-gnu-toolchain/bin/../lib/gcc/avr/5.4.0/../../../../avr/lib/avr5\libm.a(fp_split3.o)
 .bss           0x00000000        0x0 c:/7.0/toolchain/avr8/avr8-gnu-toolchain/bin/../lib/gcc/avr/5.4.0/../../../../avr/lib/avr5\libm.a(fp_split3.o)
 .text          0x00000000        0x0 c:/7.0/toolchain/avr8/avr8-gnu-toolchain/bin/../lib/gcc/avr/5.4.0/../../../../avr/lib/avr5\libm.a(fp_zero.o)
 .data          0x00000000        0x0 c:/7.0/toolchain/avr8/avr8-gnu-toolchain/bin/../lib/gcc/avr/5.4.0/../../../../avr/lib/avr5\libm.a(fp_zero.o)
 .bss           0x00000000        0x0 c:/7.0/toolchain/avr8/avr8-gnu-toolchain/bin/../lib/gcc/avr/5.4.0/../../../../avr/lib/avr5\libm.a(fp_zero.o)
 .text          0x00000000        0x0 c:/7.0/toolchain/avr8/avr8-gnu-toolchain/bin/../lib/gcc/avr/5.4.0/../../../../avr/lib/avr5\libm.a(mulsf3.o)
 .data          0x00000000        0x0 c:/7.0/toolchain/avr8/avr8-gnu-toolchain/bin/../lib/gcc/avr/5.4.0/../../../../avr/lib/avr5\libm.a(mulsf3.o)
 .bss           0x00000000        0x0 c:/7.0/toolchain/avr8/avr8-gnu-toolchain/bin/../lib/gcc/avr/5.4.0/../../../../avr/lib/avr5\libm.a(mulsf3.o)
 .text          0x00000000        0x0 c:/7.0/toolchain/avr8/avr8-gnu-toolchain/bin/../lib/gcc/avr/5.4.0/../../../../avr/lib/avr5\libm.a(mulsf3x.o)
 .data          0x00000000        0x0 c:/7.0/toolchain/avr8/avr8-gnu-toolchain/bin/../lib/gcc/avr/5.4.0/../../../../avr/lib/avr5\libm.a(mulsf3x.o)
 .bss           0x00000000        0x0 c:/7.0/toolchain/avr8/avr8-gnu-toolchain/bin/../lib/gcc/avr/5.4.0/../../../../avr/lib/avr5\libm.a(mulsf3x.o)
 .text          0x00000000        0x0 c:/7.0/toolchain/avr8/avr8-gnu-toolchain/bin/../lib/gcc/avr/5.4.0/avr5\libgcc.a(_udivmodsi4.o)
 .data          0x00000000        0x0 c:/7.0/toolchain/avr8/avr8-gnu-toolchain/bin/../lib/gcc/avr/5.4.0/avr5\libgcc.a(_udivmodsi4.o)
 .bss           0x00000000        0x0 c:/7.0/toolchain/avr8/avr8-gnu-toolchain/bin/../lib/gcc/avr/5.4.0/avr5\libgcc.a(_udivmodsi4.o)
 .text.libgcc.mul
                0x00000000        0x0 c:/7.0/toolchain/avr8/avr8-gnu-toolchain/bin/../lib/gcc/avr/5.4.0/avr5\libgcc.a(_udivmodsi4.o)
 .text.libgcc   0x00000000        0x0 c:/7.0/toolchain/avr8/avr8-gnu-toolchain/bin/../lib/gcc/avr/5.4.0/avr5\libgcc.a(_udivmodsi4.o)
 .text.libgcc.prologue
                0x00000000        0x0 c:/7.0/toolchain/avr8/avr8-gnu-toolchain/bin/../lib/gcc/avr/5.4.0/avr5\libgcc.a(_udivmodsi4.o)
 .text.libgcc.builtins
                0x00000000        0x0 c:/7.0/toolchain/avr8/avr8-gnu-toolchain/bin/../lib/gcc/avr/5.4.0/avr5\libgcc.a(_udivmodsi4.o)
 .text.libgcc.fmul
                0x00000000        0x0 c:/7.0/toolchain/avr8/avr8-gnu-toolchain/bin/../lib/gcc/avr/5.4.0/avr5\libgcc.a(_udivmodsi4.o)
 .text.libgcc.fixed
                0x00000000        0x0 c:/7.0/toolchain/avr8/avr8-gnu-toolchain/bin/../lib/gcc/avr/5.4.0/avr5\libgcc.a(_udivmodsi4.o)
 .text          0x00000000        0x0 c:/7.0/toolchain/avr8/avr8-gnu-toolchain/bin/../lib/gcc/avr/5.4.0/avr5\libgcc.a(_exit.o)
 .data          0x00000000        0x0 c:/7.0/toolchain/avr8/avr8-gnu-toolchain/bin/../lib/gcc/avr/5.4.0/avr5\libgcc.a(_exit.o)
 .bss           0x00000000        0x0 c:/7.0/toolchain/avr8/avr8-gnu-toolchain/bin/../lib/gcc/avr/5.4.0/avr5\libgcc.a(_exit.o)
 .text.libgcc.mul
                0x00000000        0x0 c:/7.0/toolchain/avr8/avr8-gnu-toolchain/bin/../lib/gcc/avr/5.4.0/avr5\libgcc.a(_exit.o)
 .text.libgcc.div
                0x00000000        0x0 c:/7.0/toolchain/avr8/avr8-gnu-toolchain/bin/../lib/gcc/avr/5.4.0/avr5\libgcc.a(_exit.o)
 .text.libgcc   0x00000000        0x0 c:/7.0/toolchain/avr8/avr8-gnu-toolchain/bin/../lib/gcc/avr/5.4.0/avr5\libgcc.a(_exit.o)
 .text.libgcc.prologue
                0x00000000        0x0 c:/7.0/toolchain/avr8/avr8-gnu-toolchain/bin/../lib/gcc/avr/5.4.0/avr5\libgcc.a(_exit.o)
 .text.libgcc.builtins
                0x00000000        0x0 c:/7.0/toolchain/avr8/avr8-gnu-toolchain/bin/../lib/gcc/avr/5.4.0/avr5\libgcc.a(_exit.o)
 .text.libgcc.fmul
                0x00000000        0x0 c:/7.0/toolchain/avr8/avr8-gnu-toolchain/bin/../lib/gcc/avr/5.4.0/avr5\libgcc.a(_exit.o)
 .text.libgcc.fixed
                0x00000000        0x0 c:/7.0/toolchain/avr8/avr8-gnu-toolchain/bin/../lib/gcc/avr/5.4.0/avr5\libgcc.a(_exit.o)
 .text          0x00000000        0x0 c:/7.0/toolchain/avr8/avr8-gnu-toolchain/bin/../lib/gcc/avr/5.4.0/avr5\libgcc.a(_tablejump2.o)
 .data          0x00000000        0x0 c:/7.0/toolchain/avr8/avr8-gnu-toolchain/bin/../lib/gcc/avr/5.4.0/avr5\libgcc.a(_tablejump2.o)
 .bss           0x00000000        0x0 c:/7.0/toolchain/avr8/avr8-gnu-toolchain/bin/../lib/gcc/avr/5.4.0/avr5\libgcc.a(_tablejump2.o)
 .text.libgcc.mul
                0x00000000        0x0 c:/7.0/toolchain/avr8/avr8-gnu-toolchain/bin/../lib/gcc/avr/5.4.0/avr5\libgcc.a(_tablejump2.o)
 .text.libgcc.div
                0x00000000        0x0 c:/7.0/toolchain/avr8/avr8-gnu-toolchain/bin/../lib/gcc/avr/5.4.0/avr5\libgcc.a(_tablejump2.o)
 .text.libgcc.prologue
                0x00000000        0x0 c:/7.0/toolchain/avr8/avr8-gnu-toolchain/bin/../lib/gcc/avr/5.4.0/avr5\libgcc.a(_tablejump2.o)
 .text.libgcc.builtins
                0x00000000        0x0 c:/7.0/toolchain/avr8/avr8-gnu-toolchain/bin/../lib/gcc/avr/5.4.0/avr5\libgcc.a(_tablejump2.o)
 .text.libgcc.fmul
                0x00000000        0x0 c:/7.0/toolchain/avr8/avr8-gnu-toolchain/bin/../lib/gcc/avr/5.4.0/avr5\libgcc.a(_tablejump2.o)
 .text.libgcc.fixed
                0x00000000        0x0 c:/7.0/toolchain/avr8/avr8-gnu-toolchain/bin/../lib/gcc/avr/5.4.0/avr5\libgcc.a(_tablejump2.o)
 .text          0x00000000        0x0 c:/7.0/toolchain/avr8/avr8-gnu-toolchain/bin/../lib/gcc/avr/5.4.0/avr5\libgcc.a(_copy_data.o)
 .data          0x00000000        0x0 c:/7.0/toolchain/avr8/avr8-gnu-toolchain/bin/../lib/gcc/avr/5.4.0/avr5\libgcc.a(_copy_data.o)
 .bss           0x00000000        0x0 c:/7.0/toolchain/avr8/avr8-gnu-toolchain/bin/../lib/gcc/avr/5.4.0/avr5\libgcc.a(_copy_data.o)
 .text.libgcc.mul
                0x00000000        0x0 c:/7.0/toolchain/avr8/avr8-gnu-toolchain/bin/../lib/gcc/avr/5.4.0/avr5\libgcc.a(_copy_data.o)
 .text.libgcc.div
                0x00000000        0x0 c:/7.0/toolchain/avr8/avr8-gnu-toolchain/bin/../lib/gcc/avr/5.4.0/avr5\libgcc.a(_copy_data.o)
 .text.libgcc   0x00000000        0x0 c:/7.0/toolchain/avr8/avr8-gnu-toolchain/bin/../lib/gcc/avr/5.4.0/avr5\libgcc.a(_copy_data.o)
 .text.libgcc.prologue
                0x00000000        0x0 c:/7.0/toolchain/avr8/avr8-gnu-toolchain/bin/../lib/gcc/avr/5.4.0/avr5\libgcc.a(_copy_data.o)
 .text.libgcc.builtins
                0x00000000        0x0 c:/7.0/toolchain/avr8/avr8-gnu-toolchain/bin/../lib/gcc/avr/5.4.0/avr5\libgcc.a(_copy_data.o)
 .text.libgcc.fmul
                0x00000000        0x0 c:/7.0/toolchain/avr8/avr8-gnu-toolchain/bin/../lib/gcc/avr/5.4.0/avr5\libgcc.a(_copy_data.o)
 .text.libgcc.fixed
                0x00000000        0x0 c:/7.0/toolchain/avr8/avr8-gnu-toolchain/bin/../lib/gcc/avr/5.4.0/avr5\libgcc.a(_copy_data.o)
 .text          0x00000000        0x0 c:/7.0/toolchain/avr8/avr8-gnu-toolchain/bin/../lib/gcc/avr/5.4.0/avr5\libgcc.a(_clear_bss.o)
 .data          0x00000000        0x0 c:/7.0/toolchain/avr8/avr8-gnu-toolchain/bin/../lib/gcc/avr/5.4.0/avr5\libgcc.a(_clear_bss.o)
 .bss           0x00000000        0x0 c:/7.0/toolchain/avr8/avr8-gnu-toolchain/bin/../lib/gcc/avr/5.4.0/avr5\libgcc.a(_clear_bss.o)
 .text.libgcc.mul
                0x00000000        0x0 c:/7.0/toolchain/avr8/avr8-gnu-toolchain/bin/../lib/gcc/avr/5.4.0/avr5\libgcc.a(_clear_bss.o)
 .text.libgcc.div
                0x00000000        0x0 c:/7.0/toolchain/avr8/avr8-gnu-toolchain/bin/../lib/gcc/avr/5.4.0/avr5\libgcc.a(_clear_bss.o)
 .text.libgcc   0x00000000        0x0 c:/7.0/toolchain/avr8/avr8-gnu-toolchain/bin/../lib/gcc/avr/5.4.0/avr5\libgcc.a(_clear_bss.o)
 .text.libgcc.prologue
                0x00000000        0x0 c:/7.0/toolchain/avr8/avr8-gnu-toolchain/bin/../lib/gcc/avr/5.4.0/avr5\libgcc.a(_clear_bss.o)
 .text.libgcc.builtins
                0x00000000        0x0 c:/7.0/toolchain/avr8/avr8-gnu-toolchain/bin/../lib/gcc/avr/5.4.0/avr5\libgcc.a(_clear_bss.o)
 .text.libgcc.fmul
                0x00000000        0x0 c:/7.0/toolchain/avr8/avr8-gnu-toolchain/bin/../lib/gcc/avr/5.4.0/avr5\libgcc.a(_clear_bss.o)
 .text.libgcc.fixed
                0x00000000        0x0 c:/7.0/toolchain/avr8/avr8-gnu-toolchain/bin/../lib/gcc/avr/5.4.0/avr5\libgcc.a(_clear_bss.o)

Memory Configuration

Name             Origin             Length             Attributes
text             0x00000000         0x00008000         xr
data             0x00800060         0x00000800         rw !x
eeprom           0x00810000         0x00000400         rw !x
fuse             0x00820000         0x00000002         rw !x
lock             0x00830000         0x00000400         rw !x
signature        0x00840000         0x00000400         rw !x
user_signatures  0x00850000         0x00000400         rw !x
*default*        0x00000000         0xffffffff

Linker script and memory map

LOAD C:/7.0/Packs/atmel/ATmega_DFP/1.7.374/gcc/dev/atmega32/avr5/crtatmega32.o
LOAD APP/APP.o
LOAD ECUAL/Button/Button.o
LOAD ECUAL/LED/LED.o
LOAD ECUAL/MOTORs/Motor.o
LOAD main.o
LOAD MCAL/dio/DIO.o
LOAD MCAL/dio/DIO_Lcfg.o
LOAD MCAL/EXI/EX_Interrupt.o
LOAD MCAL/Timer/Timers.o
START GROUP
LOAD c:/7.0/toolchain/avr8/avr8-gnu-toolchain/bin/../lib/gcc/avr/5.4.0/../../../../avr/lib/avr5\libm.a
END GROUP
START GROUP
LOAD c:/7.0/toolchain/avr8/avr8-gnu-toolchain/bin/../lib/gcc/avr/5.4.0/avr5\libgcc.a
LOAD c:/7.0/toolchain/avr8/avr8-gnu-toolchain/bin/../lib/gcc/avr/5.4.0/../../../../avr/lib/avr5\libm.a
LOAD c:/7.0/toolchain/avr8/avr8-gnu-toolchain/bin/../lib/gcc/avr/5.4.0/../../../../avr/lib/avr5\libc.a
LOAD C:/7.0/Packs/atmel/ATmega_DFP/1.7.374/gcc/dev/atmega32/avr5\libatmega32.a
END GROUP
                0x00000000                __TEXT_REGION_ORIGIN__ = DEFINED (__TEXT_REGION_ORIGIN__)?__TEXT_REGION_ORIGIN__:0x0
                [0x00800060]                __DATA_REGION_ORIGIN__ = DEFINED (__DATA_REGION_ORIGIN__)?__DATA_REGION_ORIGIN__:0x800060
                [0x00008000]                __TEXT_REGION_LENGTH__ = DEFINED (__TEXT_REGION_LENGTH__)?__TEXT_REGION_LENGTH__:0x20000
                [0x00000800]                __DATA_REGION_LENGTH__ = DEFINED (__DATA_REGION_LENGTH__)?__DATA_REGION_LENGTH__:0xffa0
                [0x00000400]                __EEPROM_REGION_LENGTH__ = DEFINED (__EEPROM_REGION_LENGTH__)?__EEPROM_REGION_LENGTH__:0x10000
                [0x00000002]                __FUSE_REGION_LENGTH__ = DEFINED (__FUSE_REGION_LENGTH__)?__FUSE_REGION_LENGTH__:0x400
                0x00000400                __LOCK_REGION_LENGTH__ = DEFINED (__LOCK_REGION_LENGTH__)?__LOCK_REGION_LENGTH__:0x400
                0x00000400                __SIGNATURE_REGION_LENGTH__ = DEFINED (__SIGNATURE_REGION_LENGTH__)?__SIGNATURE_REGION_LENGTH__:0x400
                0x00000400                __USER_SIGNATURE_REGION_LENGTH__ = DEFINED (__USER_SIGNATURE_REGION_LENGTH__)?__USER_SIGNATURE_REGION_LENGTH__:0x400

.hash
 *(.hash)

.dynsym
 *(.dynsym)

.dynstr
 *(.dynstr)

.gnu.version
 *(.gnu.version)

.gnu.version_d
 *(.gnu.version_d)

.gnu.version_r
 *(.gnu.version_r)

.rel.init
 *(.rel.init)

.rela.init
 *(.rela.init)

.rel.text
 *(.rel.text)
 *(.rel.text.*)
 *(.rel.gnu.linkonce.t*)

.rela.text
 *(.rela.text)
 *(.rela.text.*)
 *(.rela.gnu.linkonce.t*)

.rel.fini
 *(.rel.fini)

.rela.fini
 *(.rela.fini)

.rel.rodata
 *(.rel.rodata)
 *(.rel.rodata.*)
 *(.rel.gnu.linkonce.r*)

.rela.rodata
 *(.rela.rodata)
 *(.rela.rodata.*)
 *(.rela.gnu.linkonce.r*)

.rel.data
 *(.rel.data)
 *(.rel.data.*)
 *(.rel.gnu.linkonce.d*)

.rela.data
 *(.rela.data)
 *(.rela.data.*)
 *(.rela.gnu.linkonce.d*)

.rel.ctors
 *(.rel.ctors)

.rela.ctors
 *(.rela.ctors)

.rel.dtors
 *(.rel.dtors)

.rela.dtors
 *(.rela.dtors)

.rel.got
 *(.rel.got)

.rela.got
 *(.rela.got)

.rel.bss
 *(.rel.bss)

.rela.bss
 *(.rela.bss)

.rel.plt
 *(.rel.plt)

.rela.plt
 *(.rela.plt)

.text           0x00000000     0x129c
 *(.vectors)
 .vectors       0x00000000       0x54 C:/7.0/Packs/atmel/ATmega_DFP/1.7.374/gcc/dev/atmega32/avr5/crtatmega32.o
                0x00000000                __vector_default
                0x00000000                __vectors
 *(.vectors)
 *(.progmem.gcc*)
 .progmem.gcc_sw_table.DIO_WRitePin
                0x00000054       0x80 MCAL/dio/DIO.o
                0x000000d4                . = ALIGN (0x2)
                0x000000d4                __trampolines_start = .
 *(.trampolines)
 .trampolines   0x000000d4        0x0 linker stubs
 *(.trampolines*)
                0x000000d4                __trampolines_end = .
 *libprintf_flt.a:*(.progmem.data)
 *libc.a:*(.progmem.data)
 *(.progmem*)
                0x000000d4                . = ALIGN (0x2)
 *(.jumptables)
 *(.jumptables*)
 *(.lowtext)
 *(.lowtext*)
                0x000000d4                __ctors_start = .
 *(.ctors)
                0x000000d4                __ctors_end = .
                0x000000d4                __dtors_start = .
 *(.dtors)
                0x000000d4                __dtors_end = .
 SORT(*)(.ctors)
 SORT(*)(.dtors)
 *(.init0)
 .init0         0x000000d4        0x0 C:/7.0/Packs/atmel/ATmega_DFP/1.7.374/gcc/dev/atmega32/avr5/crtatmega32.o
                0x000000d4                __init
 *(.init0)
 *(.init1)
 *(.init1)
 *(.init2)
 .init2         0x000000d4        0xc C:/7.0/Packs/atmel/ATmega_DFP/1.7.374/gcc/dev/atmega32/avr5/crtatmega32.o
 *(.init2)
 *(.init3)
 *(.init3)
 *(.init4)
 .init4         0x000000e0       0x16 c:/7.0/toolchain/avr8/avr8-gnu-toolchain/bin/../lib/gcc/avr/5.4.0/avr5\libgcc.a(_copy_data.o)
                0x000000e0                __do_copy_data
 .init4         0x000000f6       0x10 c:/7.0/toolchain/avr8/avr8-gnu-toolchain/bin/../lib/gcc/avr/5.4.0/avr5\libgcc.a(_clear_bss.o)
                0x000000f6                __do_clear_bss
 *(.init4)
 *(.init5)
 *(.init5)
 *(.init6)
 *(.init6)
 *(.init7)
 *(.init7)
 *(.init8)
 *(.init8)
 *(.init9)
 .init9         0x00000106        0x8 C:/7.0/Packs/atmel/ATmega_DFP/1.7.374/gcc/dev/atmega32/avr5/crtatmega32.o
 *(.init9)
 *(.text)
 .text          0x0000010e        0x4 C:/7.0/Packs/atmel/ATmega_DFP/1.7.374/gcc/dev/atmega32/avr5/crtatmega32.o
                0x0000010e                __vector_12
                0x0000010e                __bad_interrupt
                0x0000010e                __vector_13
                0x0000010e                __vector_17
                0x0000010e                __vector_19
                0x0000010e                __vector_5
                0x0000010e                __vector_4
                0x0000010e                __vector_15
                0x0000010e                __vector_14
                0x0000010e                __vector_16
                0x0000010e                __vector_18
                0x0000010e                __vector_20
                0x00000112                . = ALIGN (0x2)
 *(.text.*)
 .text.Clear_Blocking
                0x00000112       0x30 APP/APP.o
                0x00000112                Clear_Blocking
 .text.PWM_gen  0x00000142       0x80 APP/APP.o
                0x00000142                PWM_gen
 .text.Stop_APP
                0x000001c2       0x28 APP/APP.o
                0x000001c2                Stop_APP
 .text.App_init
                0x000001ea       0x1e APP/APP.o
                0x000001ea                App_init
 .text.PWM_duty
                0x00000208       0xf4 APP/APP.o
                0x00000208                PWM_duty
 .text.Timeout  0x000002fc       0x2e APP/APP.o
                0x000002fc                Timeout
 .text.App_start
                0x0000032a      0x2d2 APP/APP.o
                0x0000032a                App_start
 .text.Button_Check
                0x000005fc       0x20 ECUAL/Button/Button.o
                0x000005fc                Button_Check
 .text.LED_ON   0x0000061c        0x6 ECUAL/LED/LED.o
                0x0000061c                LED_ON
 .text.LED_OFF  0x00000622        0x6 ECUAL/LED/LED.o
                0x00000622                LED_OFF
 .text.Clock_Wise
                0x00000628       0x28 ECUAL/MOTORs/Motor.o
                0x00000628                Clock_Wise
 .text.AntiClock_Wise
                0x00000650       0x28 ECUAL/MOTORs/Motor.o
                0x00000650                AntiClock_Wise
 .text.Stop     0x00000678       0x20 ECUAL/MOTORs/Motor.o
                0x00000678                Stop
 .text.startup.main
                0x00000698        0xa main.o
                0x00000698                main
 .text.DIO_InitPin
                0x000006a2      0x212 MCAL/dio/DIO.o
                0x000006a2                DIO_InitPin
 .text.DIO_init
                0x000008b4       0x26 MCAL/dio/DIO.o
                0x000008b4                DIO_init
 .text.DIO_WRitePin
                0x000008da      0x134 MCAL/dio/DIO.o
                0x000008da                DIO_WRitePin
 .text.DIO_ReadPin
                0x00000a0e       0x48 MCAL/dio/DIO.o
                0x00000a0e                DIO_ReadPin
 .text.EXI_SetCallBack
                0x00000a56       0x2a MCAL/EXI/EX_Interrupt.o
                0x00000a56                EXI_SetCallBack
 .text.EXI_Enable
                0x00000a80       0x20 MCAL/EXI/EX_Interrupt.o
                0x00000a80                EXI_Enable
 .text.EXI_Trigger
                0x00000aa0       0xa2 MCAL/EXI/EX_Interrupt.o
                0x00000aa0                EXI_Trigger
 .text.__vector_1
                0x00000b42       0x52 MCAL/EXI/EX_Interrupt.o
                0x00000b42                __vector_1
 .text.__vector_2
                0x00000b94       0x5a MCAL/EXI/EX_Interrupt.o
                0x00000b94                __vector_2
 .text.__vector_3
                0x00000bee       0x5a MCAL/EXI/EX_Interrupt.o
                0x00000bee                __vector_3
 .text.Timer0_init
                0x00000c48       0x40 MCAL/Timer/Timers.o
                0x00000c48                Timer0_init
 .text.TIMER0_OV_InterruptEnable
                0x00000c88        0x8 MCAL/Timer/Timers.o
                0x00000c88                TIMER0_OV_InterruptEnable
 .text.TIMER0_OV_SetCallBack
                0x00000c90        0xa MCAL/Timer/Timers.o
                0x00000c90                TIMER0_OV_SetCallBack
 .text.__vector_10
                0x00000c9a       0x52 MCAL/Timer/Timers.o
                0x00000c9a                __vector_10
 .text.__vector_11
                0x00000cec       0x52 MCAL/Timer/Timers.o
                0x00000cec                __vector_11
 .text.Timer1_Init
                0x00000d3e       0x78 MCAL/Timer/Timers.o
                0x00000d3e                Timer1_Init
 .text.Timer1_OCA_InterruptEnable
                0x00000db6        0x8 MCAL/Timer/Timers.o
                0x00000db6                Timer1_OCA_InterruptEnable
 .text.Timer1_OCA_SetCallBack
                0x00000dbe        0xa MCAL/Timer/Timers.o
                0x00000dbe                Timer1_OCA_SetCallBack
 .text.__vector_9
                0x00000dc8       0x52 MCAL/Timer/Timers.o
                0x00000dc8                __vector_9
 .text.__vector_7
                0x00000e1a       0x52 MCAL/Timer/Timers.o
                0x00000e1a                __vector_7
 .text.__vector_8
                0x00000e6c       0x52 MCAL/Timer/Timers.o
                0x00000e6c                __vector_8
 .text.__vector_6
                0x00000ebe       0x52 MCAL/Timer/Timers.o
                0x00000ebe                __vector_6
 .text.avr-libc.fplib
                0x00000f10        0x8 c:/7.0/toolchain/avr8/avr8-gnu-toolchain/bin/../lib/gcc/avr/5.4.0/../../../../avr/lib/avr5\libm.a(divsf3.o)
                0x00000f10                __divsf3
 .text.avr-libc.fplib
                0x00000f18       0xdc c:/7.0/toolchain/avr8/avr8-gnu-toolchain/bin/../lib/gcc/avr/5.4.0/../../../../avr/lib/avr5\libm.a(divsf3x.o)
                0x00000f38                __divsf3x
                0x00000f3e                __divsf3_pse
 .text.avr-libc.fplib
                0x00000ff4       0x5e c:/7.0/toolchain/avr8/avr8-gnu-toolchain/bin/../lib/gcc/avr/5.4.0/../../../../avr/lib/avr5\libm.a(fixunssfsi.o)
                0x00000ff4                __fixunssfsi
 .text.avr-libc.fplib
                0x00001052       0x7a c:/7.0/toolchain/avr8/avr8-gnu-toolchain/bin/../lib/gcc/avr/5.4.0/../../../../avr/lib/avr5\libm.a(floatsisf.o)
                0x00001052                __floatunsisf
                0x00001056                __floatsisf
 .text.avr-libc.fplib
                0x000010cc        0xc c:/7.0/toolchain/avr8/avr8-gnu-toolchain/bin/../lib/gcc/avr/5.4.0/../../../../avr/lib/avr5\libm.a(fp_inf.o)
                0x000010cc                __fp_inf
 .text.avr-libc.fplib
                0x000010d8        0x6 c:/7.0/toolchain/avr8/avr8-gnu-toolchain/bin/../lib/gcc/avr/5.4.0/../../../../avr/lib/avr5\libm.a(fp_nan.o)
                0x000010d8                __fp_nan
 .text.avr-libc.fplib
                0x000010de        0xe c:/7.0/toolchain/avr8/avr8-gnu-toolchain/bin/../lib/gcc/avr/5.4.0/../../../../avr/lib/avr5\libm.a(fp_pscA.o)
                0x000010de                __fp_pscA
 .text.avr-libc.fplib
                0x000010ec        0xe c:/7.0/toolchain/avr8/avr8-gnu-toolchain/bin/../lib/gcc/avr/5.4.0/../../../../avr/lib/avr5\libm.a(fp_pscB.o)
                0x000010ec                __fp_pscB
 .text.avr-libc.fplib
                0x000010fa       0x22 c:/7.0/toolchain/avr8/avr8-gnu-toolchain/bin/../lib/gcc/avr/5.4.0/../../../../avr/lib/avr5\libm.a(fp_round.o)
                0x000010fa                __fp_round
 .text.avr-libc.fplib
                0x0000111c       0x44 c:/7.0/toolchain/avr8/avr8-gnu-toolchain/bin/../lib/gcc/avr/5.4.0/../../../../avr/lib/avr5\libm.a(fp_split3.o)
                0x0000111c                __fp_split3
                0x0000112c                __fp_splitA
 .text.avr-libc.fplib
                0x00001160        0xe c:/7.0/toolchain/avr8/avr8-gnu-toolchain/bin/../lib/gcc/avr/5.4.0/../../../../avr/lib/avr5\libm.a(fp_zero.o)
                0x00001160                __fp_zero
                0x00001162                __fp_szero
 .text.avr-libc.fplib
                0x0000116e        0x8 c:/7.0/toolchain/avr8/avr8-gnu-toolchain/bin/../lib/gcc/avr/5.4.0/../../../../avr/lib/avr5\libm.a(mulsf3.o)
                0x0000116e                __mulsf3
 .text.avr-libc.fplib
                0x00001176       0xd2 c:/7.0/toolchain/avr8/avr8-gnu-toolchain/bin/../lib/gcc/avr/5.4.0/../../../../avr/lib/avr5\libm.a(mulsf3x.o)
                0x00001194                __mulsf3x
                0x0000119a                __mulsf3_pse
 .text.libgcc.div
                0x00001248       0x44 c:/7.0/toolchain/avr8/avr8-gnu-toolchain/bin/../lib/gcc/avr/5.4.0/avr5\libgcc.a(_udivmodsi4.o)
                0x00001248                __udivmodsi4
 .text.libgcc   0x0000128c        0xc c:/7.0/toolchain/avr8/avr8-gnu-toolchain/bin/../lib/gcc/avr/5.4.0/avr5\libgcc.a(_tablejump2.o)
                0x0000128c                __tablejump2__
                0x00001298                . = ALIGN (0x2)
 *(.fini9)
 .fini9         0x00001298        0x0 c:/7.0/toolchain/avr8/avr8-gnu-toolchain/bin/../lib/gcc/avr/5.4.0/avr5\libgcc.a(_exit.o)
                0x00001298                _exit
                0x00001298                exit
 *(.fini9)
 *(.fini8)
 *(.fini8)
 *(.fini7)
 *(.fini7)
 *(.fini6)
 *(.fini6)
 *(.fini5)
 *(.fini5)
 *(.fini4)
 *(.fini4)
 *(.fini3)
 *(.fini3)
 *(.fini2)
 *(.fini2)
 *(.fini1)
 *(.fini1)
 *(.fini0)
 .fini0         0x00001298        0x4 c:/7.0/toolchain/avr8/avr8-gnu-toolchain/bin/../lib/gcc/avr/5.4.0/avr5\libgcc.a(_exit.o)
 *(.fini0)
                0x0000129c                _etext = .

.data           0x00800060       0x30 load address 0x0000129c
                0x00800060                PROVIDE (__data_start, .)
 *(.data)
 *(.data*)
 .data.delay_5s
                0x00800060        0x4 APP/APP.o
                0x00800060                delay_5s
 .data.delay_2s
                0x00800064        0x4 APP/APP.o
                0x00800064                delay_2s
 .data.delay_3s
                0x00800068        0x4 APP/APP.o
                0x00800068                delay_3s
 .data.delay_1s
                0x0080006c        0x4 APP/APP.o
                0x0080006c                delay_1s
 *(.gnu.linkonce.d*)
 *(.rodata)
 *(.rodata*)
 .rodata.Pin_StatusArray
                0x00800070       0x20 MCAL/dio/DIO_Lcfg.o
                0x00800070                Pin_StatusArray
 *(.gnu.linkonce.r*)
                0x00800090                . = ALIGN (0x2)
                0x00800090                _edata = .
                0x00800090                PROVIDE (__data_end, .)

.bss            0x00800090       0x20
                0x00800090                PROVIDE (__bss_start, .)
 *(.bss)
 *(.bss*)
 .bss.flag      0x00800090        0x1 APP/APP.o
                0x00800090                flag
 .bss.PWM_Count
                0x00800091        0x1 APP/APP.o
                0x00800091                PWM_Count
 .bss.Count_Flag
                0x00800092        0x4 APP/APP.o
                0x00800092                Count_Flag
 .bss.PWM_count_OFF
                0x00800096        0x4 APP/APP.o
                0x00800096                PWM_count_OFF
 .bss.PWM_count_ON
                0x0080009a        0x4 APP/APP.o
                0x0080009a                PWM_count_ON
 .bss.pf_INT2   0x0080009e        0x2 MCAL/EXI/EX_Interrupt.o
 .bss.pf_INT1   0x008000a0        0x2 MCAL/EXI/EX_Interrupt.o
 .bss.pf_INT0   0x008000a2        0x2 MCAL/EXI/EX_Interrupt.o
 .bss.Timer1_ICU_Fptr
                0x008000a4        0x2 MCAL/Timer/Timers.o
 .bss.Timer1_OCB_Fptr
                0x008000a6        0x2 MCAL/Timer/Timers.o
 .bss.Timer1_OCA_Fptr
                0x008000a8        0x2 MCAL/Timer/Timers.o
 .bss.Timer1_OVF_Fptr
                0x008000aa        0x2 MCAL/Timer/Timers.o
 .bss.Timer0_OCR0_Fptr
                0x008000ac        0x2 MCAL/Timer/Timers.o
 .bss.Timer0_OVF_Fptr
                0x008000ae        0x2 MCAL/Timer/Timers.o
 *(COMMON)
                0x008000b0                PROVIDE (__bss_end, .)
                0x0000129c                __data_load_start = LOADADDR (.data)
                0x000012cc                __data_load_end = (__data_load_start + SIZEOF (.data))

.noinit         0x008000b0        0x0
                [!provide]                PROVIDE (__noinit_start, .)
 *(.noinit*)
                [!provide]                PROVIDE (__noinit_end, .)
                0x008000b0                _end = .
                [!provide]                PROVIDE (__heap_start, .)

.eeprom         0x00810000        0x0
 *(.eeprom*)
                0x00810000                __eeprom_end = .

.fuse
 *(.fuse)
 *(.lfuse)
 *(.hfuse)
 *(.efuse)

.lock
 *(.lock*)

.signature
 *(.signature*)

.user_signatures
 *(.user_signatures*)

.stab
 *(.stab)

.stabstr
 *(.stabstr)

.stab.excl
 *(.stab.excl)

.stab.exclstr
 *(.stab.exclstr)

.stab.index
 *(.stab.index)

.stab.indexstr
 *(.stab.indexstr)

.comment        0x00000000       0x30
 *(.comment)
 .comment       0x00000000       0x30 APP/APP.o
                                 0x31 (size before relaxing)
 .comment       0x00000030       0x31 ECUAL/Button/Button.o
 .comment       0x00000030       0x31 ECUAL/LED/LED.o
 .comment       0x00000030       0x31 ECUAL/MOTORs/Motor.o
 .comment       0x00000030       0x31 main.o
 .comment       0x00000030       0x31 MCAL/dio/DIO.o
 .comment       0x00000030       0x31 MCAL/dio/DIO_Lcfg.o
 .comment       0x00000030       0x31 MCAL/EXI/EX_Interrupt.o
 .comment       0x00000030       0x31 MCAL/Timer/Timers.o

.note.gnu.avr.deviceinfo
                0x00000000       0x3c
 .note.gnu.avr.deviceinfo
                0x00000000       0x3c C:/7.0/Packs/atmel/ATmega_DFP/1.7.374/gcc/dev/atmega32/avr5/crtatmega32.o

.note.gnu.build-id
 *(.note.gnu.build-id)

.debug
 *(.debug)

.line
 *(.line)

.debug_srcinfo
 *(.debug_srcinfo)

.debug_sfnames
 *(.debug_sfnames)

.debug_aranges
 *(.debug_aranges)

.debug_pubnames
 *(.debug_pubnames)

.debug_info     0x00000000      0x4e6
 *(.debug_info .gnu.linkonce.wi.*)
 .debug_info    0x00000000      0x4e6 C:/7.0/Packs/atmel/ATmega_DFP/1.7.374/gcc/dev/atmega32/avr5/crtatmega32.o

.debug_abbrev   0x00000000      0x4a3
 *(.debug_abbrev)
 .debug_abbrev  0x00000000      0x4a3 C:/7.0/Packs/atmel/ATmega_DFP/1.7.374/gcc/dev/atmega32/avr5/crtatmega32.o

.debug_line     0x00000000      0x116
 *(.debug_line .debug_line.* .debug_line_end)
 .debug_line    0x00000000      0x116 C:/7.0/Packs/atmel/ATmega_DFP/1.7.374/gcc/dev/atmega32/avr5/crtatmega32.o

.debug_frame
 *(.debug_frame)

.debug_str      0x00000000      0x196
 *(.debug_str)
 .debug_str     0x00000000      0x196 C:/7.0/Packs/atmel/ATmega_DFP/1.7.374/gcc/dev/atmega32/avr5/crtatmega32.o

.debug_loc
 *(.debug_loc)

.debug_macinfo
 *(.debug_macinfo)

.debug_weaknames
 *(.debug_weaknames)

.debug_funcnames
 *(.debug_funcnames)

.debug_typenames
 *(.debug_typenames)

.debug_varnames
 *(.debug_varnames)

.debug_pubtypes
 *(.debug_pubtypes)

.debug_ranges
 *(.debug_ranges)

.debug_macro
 *(.debug_macro)
OUTPUT(Moving Car Design.elf elf32-avr)
LOAD linker stubs
